I'm sorry, but errors were detected in your script. Please correct the
errors listed below, and try again.


File "game/code/scene (3)/scene 3.rpy", line 458: Line is indented, but the preceding say statement statement does not expect a block. Please check this line's indentation.
    "{i}Звучить просто неймовірно! Може справді буде нагода поговорити про все це?"
    ^

Ren'Py Version: Ren'Py 8.0.3.22090809
Sun Feb 12 16:46:29 2023
